[2025-12-05 11:03:54] Cashfree Payout Callback Received Raw: {"data":{"data":{"transfer_id":"Test000007101","cf_transfer_id":"2192770347","status":"SUCCESS","status_code":"COMPLETED","status_description":"The transfer has been initiated via the partner bank successfully, hence your account is debited and the request is successfuly processed by the beneficiary bank and has been credited to the end beneficiary.","beneficiary_details":{"beneficiary_id":"BF1763382595","beneficiary_instrument_details":{"bank_account_number":"05402210034630","bank_ifsc":"CNRB0001350"}},"transfer_amount":3,"transfer_service_charge":2,"transfer_service_tax":0.36,"transfer_mode":"imps","transfer_utr":"533911994786","fundsource_id":"Cashfree Wallet","added_on":"2025-12-05T11:03:51","updated_on":"2025-12-05T11:03:53"},"event_time":"2025-12-05T11:03:53","type":"TRANSFER_SUCCESS"},"timestamp":"2025-12-05 11:03:53"}
[2025-12-05 11:03:54] Cashfree Payout Callback: Payload not empty
[2025-12-05 11:03:54] Decoded Payload: {"data":{"data":{"transfer_id":"Test000007101","cf_transfer_id":"2192770347","status":"SUCCESS","status_code":"COMPLETED","status_description":"The transfer has been initiated via the partner bank successfully, hence your account is debited and the request is successfuly processed by the beneficiary bank and has been credited to the end beneficiary.","beneficiary_details":{"beneficiary_id":"BF1763382595","beneficiary_instrument_details":{"bank_account_number":"05402210034630","bank_ifsc":"CNRB0001350"}},"transfer_amount":3,"transfer_service_charge":2,"transfer_service_tax":0.36,"transfer_mode":"imps","transfer_utr":"533911994786","fundsource_id":"Cashfree Wallet","added_on":"2025-12-05T11:03:51","updated_on":"2025-12-05T11:03:53"},"event_time":"2025-12-05T11:03:53","type":"TRANSFER_SUCCESS"},"timestamp":"2025-12-05 11:03:53"}
[2025-12-05 11:03:54] Matching pending report count: 0
[2025-12-05 11:03:54] Cashfree Payout Callback Warning: No matching pending report found for payid: Test000007101
[2025-12-05 11:10:42] Cashfree Payout Callback Received Raw: {"data":[],"timestamp":"2025-12-05 11:10:42"}
[2025-12-05 11:10:42] Cashfree Payout Callback: Payload not empty
[2025-12-05 11:10:42] Decoded Payload: {"data":[],"timestamp":"2025-12-05 11:10:42"}
[2025-12-05 11:10:42] Cashfree Callback Error: Missing transfer_id
[2025-12-05 11:12:35] Cashfree Payout Callback Received Raw: {"data":[],"timestamp":"2025-12-05 11:12:35"}
[2025-12-05 11:12:35] Cashfree Payout Callback: Payload not empty
[2025-12-05 11:12:35] Decoded Payload: {"data":[],"timestamp":"2025-12-05 11:12:35"}
[2025-12-05 11:12:35] Cashfree Callback Error: Missing transfer_id
[2025-12-05 11:18:02] Cashfree Payout Callback Received Raw: {"data":[],"timestamp":"2025-12-05 11:18:02"}
[2025-12-05 11:18:02] Cashfree Payout Callback: Payload not empty
[2025-12-05 11:18:02] Decoded Payload: {"data":[],"timestamp":"2025-12-05 11:18:02"}
[2025-12-05 11:18:02] Cashfree Callback Error: Missing transfer_id
[2025-12-05 11:18:22] Cashfree Payout Callback Received Raw: {"data":[],"timestamp":"2025-12-05 11:18:22"}
[2025-12-05 11:18:22] Cashfree Payout Callback: Payload not empty
[2025-12-05 11:18:22] Decoded Payload: {"data":[],"timestamp":"2025-12-05 11:18:22"}
[2025-12-05 11:18:22] Cashfree Callback Error: Missing transfer_id
[2025-12-05 11:19:12] Cashfree Payout Callback Received Raw: {"data":[],"timestamp":"2025-12-05 11:19:12"}
[2025-12-05 11:19:12] Cashfree Payout Callback: Payload not empty
[2025-12-05 11:19:12] Decoded Payload: {"data":[],"timestamp":"2025-12-05 11:19:12"}
[2025-12-05 11:19:12] Cashfree Callback Error: Missing transfer_id
[2025-12-05 11:25:40] Cashfree Payout Callback Received Raw: {"data":[],"timestamp":"2025-12-05 11:25:40"}
[2025-12-05 11:25:40] Cashfree Payout Callback: Payload not empty
[2025-12-05 11:25:40] Decoded Payload: {"data":[],"timestamp":"2025-12-05 11:25:40"}
[2025-12-05 11:25:40] Cashfree Callback Error: Missing transfer_id
[2025-12-05 11:25:56] Cashfree Payout Callback Received Raw: {"data":[],"timestamp":"2025-12-05 11:25:46"}
[2025-12-05 11:25:56] Cashfree Payout Callback: Payload not empty
[2025-12-05 11:25:56] Decoded Payload: {"data":[],"timestamp":"2025-12-05 11:25:46"}
[2025-12-05 11:25:56] Cashfree Callback Error: Missing transfer_id
[2025-12-05 11:26:31] Cashfree Payout Callback Received Raw: {"data":[],"timestamp":"2025-12-05 11:26:21"}
[2025-12-05 11:26:31] Cashfree Payout Callback: Payload not empty
[2025-12-05 11:26:31] Decoded Payload: {"data":[],"timestamp":"2025-12-05 11:26:21"}
[2025-12-05 11:26:31] Cashfree Callback Error: Missing transfer_id
[2025-12-05 11:28:15] Cashfree Payout Callback Received Raw: {"data":[],"timestamp":"2025-12-05 11:28:05"}
[2025-12-05 11:28:15] Cashfree Payout Callback: Payload not empty
[2025-12-05 11:28:15] Decoded Payload: {"data":[],"timestamp":"2025-12-05 11:28:05"}
[2025-12-05 11:28:15] Cashfree Callback Error: Missing transfer_id
